{
  "name": "Foo",
  "version": "0.0.1",
  "main": "lib/Foo.js",
  "author": "Mike"
}
